Info: *******************************************************************
Info: Running Quartus Prime Fitter
    Info: Version 17.1.0 Build 590 10/25/2017 SJ Lite Edition
    Info: Copyright (C) 2017  Intel Corporation. All rights reserved.
    Info: Your use of Intel Corporation's design tools, logic functions 
    Info: and other software and tools, and its AMPP partner logic 
    Info: functions, and any output files from any of the foregoing 
    Info: (including device programming or simulation files), and any 
    Info: associated documentation or information are expressly subject 
    Info: to the terms and conditions of the Intel Program License 
    Info: Subscription Agreement, the Intel Quartus Prime License Agreement,
    Info: the Intel FPGA IP License Agreement, or other applicable license
    Info: agreement, including, without limitation, that your use is for
    Info: the sole purpose of programming logic devices manufactured by
    Info: Intel and sold by Intel or its authorized distributors.  Please
    Info: refer to the applicable agreement for further details.
    Info: Processing started: Tue Aug 25 18:22:57 2026
Info: Command: quartus_fit --seed=4 ngpc_pocket
Info: qfit2_default_script.tcl version: #3
Info: Project  = ngpc_pocket
Info: Revision = ngpc_pocket
Info (16303): High Performance Effort optimization mode selected -- timing performance will be prioritized at the potential cost of increased compilation time
Info (20032): Parallel compilation is enabled and will use up to 6 processors
Info (119006): Selected device 5CEBA4F23C8 for design "ngpc_pocket"
Info (21077): Low junction temperature is 0 degrees C
Info (21077): High junction temperature is 85 degrees C
Warning: RST port on the PLL is not properly connected on instance core_top:ic|ngpc_pll:mp1|ngpc_pll_0002:ngpc_pll_inst|altera_pll:altera_pll_i|general[1].gpll. The reset port on the PLL should be connected. If the PLL loses lock for any reason, you might need to manually reset the PLL in order to re-establish lock to the reference clock. File: f:/quartus/quartus/libraries/megafunctions/altera_pll.v Line: 748
    Info: Must be connected
Info (171004): Fitter is performing a Standard Fit compilation using maximum Fitter effort to optimize design performance
Warning (292013): Feature LogicLock is only available with a valid subscription license. You can purchase a software subscription to gain full access to this feature.
Warning (15714): Some pins have incomplete I/O assignments. Refer to the I/O Assignment Warnings report for details
Info (176045): Design uses memory blocks. Violating setup or hold times of memory block address registers for either read or write operations could cause memory contents to be corrupted. Make sure that all memory block address registers meet the setup and hold time requirements.
Info (184020): Starting Fitter periphery placement operations
Warning (177007): PLL(s) placed in location FRACTIONALPLL_X54_Y1_N0 do not have a PLL clock to compensate specified - the Fitter will attempt to compensate all PLL clocks
    Info (177008): PLL core_top:ic|ngpc_pll:mp1|ngpc_pll_0002:ngpc_pll_inst|altera_pll:altera_pll_i|general[0].gpll~FRACTIONAL_PLL
Info (11178): Promoted 3 clocks (3 global)
    Info (11162): core_top:ic|ngpc_pll:mp1|ngpc_pll_0002:ngpc_pll_inst|altera_pll:altera_pll_i|outclk_wire[0]~CLKENA0 with 7795 fanout uses global clock CLKCTRL_G10
    Info (11162): core_top:ic|ngpc_pll:mp1|ngpc_pll_0002:ngpc_pll_inst|altera_pll:altera_pll_i|outclk_wire[1]~CLKENA0 with 562 fanout uses global clock CLKCTRL_G11
    Info (11162): core_top:ic|ngpc_pll:mp1|ngpc_pll_0002:ngpc_pll_inst|altera_pll:altera_pll_i|outclk_wire[2]~CLKENA0 with 3 fanout uses global clock CLKCTRL_G9
Info (11191): Automatically promoted 2 clocks (2 global)
    Info (11162): clk_74a~inputCLKENA0 with 1725 fanout uses global clock CLKCTRL_G6
    Info (11162): bridge_spiclk~inputCLKENA0 with 19 fanout uses global clock CLKCTRL_G8
        Info (12525): This signal is driven by core routing -- it may be moved during placement to reduce routing delays
Warning (16406): 1 global input pin(s) will use non-dedicated clock routing
    Warning (16407): Source REFCLK I/O is not placed onto a dedicated REFCLK input pin for global clock driver bridge_spiclk~inputCLKENA0, placed at CLKCTRL_G8
        Info (179012): Refclk input I/O pad bridge_spiclk is placed onto PIN_T17
Info (184021): Fitter periphery placement operations ending: elapsed time is 00:00:04
Info (332164): Evaluating HDL-embedded SDC commands
    Info (332165): Entity dcfifo_06o1
        Info (332166): set_false_path -from *delayed_wrptr_g* -to *rs_dgwp|dffpipe_su8:dffpipe7|dffe8a* 
    Info (332165): Entity dcfifo_vqk1
        Info (332166): set_false_path -from *rdptr_g* -to *ws_dgrp|dffpipe_uu8:dffpipe9|dffe10a* 
        Info (332166): set_false_path -from *delayed_wrptr_g* -to *rs_dgwp|dffpipe_tu8:dffpipe6|dffe7a* 
Info (332104): Reading SDC File: '../platform/pocket/apf_constraints.sdc'
Info (332110): Deriving PLL clocks
    Info (332110): create_generated_clock -source {ic|mp1|ngpc_pll_inst|altera_pll_i|general[0].gpll~FRACTIONAL_PLL|refclkin} -divide_by 512 -multiply_by 4745 -duty_cycle 50.00 -name {ic|mp1|ngpc_pll_inst|altera_pll_i|general[0].gpll~FRACTIONAL_PLL|vcoph[0]} {ic|mp1|ngpc_pll_inst|altera_pll_i|general[0].gpll~FRACTIONAL_PLL|vcoph[0]}
    Info (332110): create_generated_clock -source {ic|mp1|ngpc_pll_inst|altera_pll_i|general[0].gpll~PLL_OUTPUT_COUNTER|vco0ph[0]} -divide_by 14 -duty_cycle 50.00 -name {ic|mp1|ngpc_pll_inst|altera_pll_i|general[0].gpll~PLL_OUTPUT_COUNTER|divclk} {ic|mp1|ngpc_pll_inst|altera_pll_i|general[0].gpll~PLL_OUTPUT_COUNTER|divclk}
    Info (332110): create_generated_clock -source {ic|mp1|ngpc_pll_inst|altera_pll_i|general[1].gpll~PLL_OUTPUT_COUNTER|vco0ph[0]} -divide_by 7 -duty_cycle 50.00 -name {ic|mp1|ngpc_pll_inst|altera_pll_i|general[1].gpll~PLL_OUTPUT_COUNTER|divclk} {ic|mp1|ngpc_pll_inst|altera_pll_i|general[1].gpll~PLL_OUTPUT_COUNTER|divclk}
    Info (332110): create_generated_clock -source {ic|mp1|ngpc_pll_inst|altera_pll_i|general[2].gpll~PLL_OUTPUT_COUNTER|vco0ph[0]} -divide_by 14 -phase 90.00 -duty_cycle 50.00 -name {ic|mp1|ngpc_pll_inst|altera_pll_i|general[2].gpll~PLL_OUTPUT_COUNTER|divclk} {ic|mp1|ngpc_pll_inst|altera_pll_i|general[2].gpll~PLL_OUTPUT_COUNTER|divclk}
Info (332104): Reading SDC File: '../target/pocket/core_constraints.sdc'
Warning (332174): Ignored filter at core_constraints.sdc(19): ic|mp1|ngpc_pll_inst|altera_pll_i|*[3].*|divclk could not be matched with a clock File: C:/FPGA/openfpga-NGPC/target/pocket/core_constraints.sdc Line: 19
Info (332151): Clock uncertainty is not calculated until you update the timing netlist.
Info (332104): Reading SDC File: '../upstream/NGPC.sdc'
Info (332151): Clock uncertainty is not calculated until you update the timing netlist.
Info (332104): Reading SDC File: '../target/pocket/ngpc_pocket_timing.sdc'
Info (332104): Reading SDC File: '../target/pocket/ngpc_pocket_sdram.sdc'
Info (332097): The following timing edges are non-unate.  TimeQuest will assume pos-unate behavior for these edges in the clock network.
    Info (332098): Cell: ic|mp1|ngpc_pll_inst|altera_pll_i|general[0].gpll~FRACTIONAL_PLL  from: refclkin  to: fbclk
    Info (332098): Cell: ic|mp1|ngpc_pll_inst|altera_pll_i|general[0].gpll~PLL_OUTPUT_COUNTER  from: vco0ph[0]  to: divclk
    Info (332098): Cell: ic|mp1|ngpc_pll_inst|altera_pll_i|general[0].gpll~PLL_REFCLK_SELECT  from: clkin[0]  to: clkout
    Info (332098): Cell: ic|mp1|ngpc_pll_inst|altera_pll_i|general[1].gpll~PLL_OUTPUT_COUNTER  from: vco0ph[0]  to: divclk
    Info (332098): Cell: ic|mp1|ngpc_pll_inst|altera_pll_i|general[2].gpll~PLL_OUTPUT_COUNTER  from: vco0ph[0]  to: divclk
Info (332123): Deriving Clock Uncertainty. Please refer to report_sdc in TimeQuest to see clock uncertainties.
Info (332129): Detected timing requirements -- optimizing circuit to achieve only the specified requirements
Info (332111): Found 8 clocks
    Info (332111):   Period   Clock Name
    Info (332111): ======== ============
    Info (332111):   13.468 bridge_spiclk
    Info (332111):   13.468      clk_74a
    Info (332111):   13.468      clk_74b
    Info (332111):    1.453 ic|mp1|ngpc_pll_inst|altera_pll_i|general[0].gpll~FRACTIONAL_PLL|vcoph[0]
    Info (332111):   20.345 ic|mp1|ngpc_pll_inst|altera_pll_i|general[0].gpll~PLL_OUTPUT_COUNTER|divclk
    Info (332111):   10.172 ic|mp1|ngpc_pll_inst|altera_pll_i|general[1].gpll~PLL_OUTPUT_COUNTER|divclk
    Info (332111):   20.345 ic|mp1|ngpc_pll_inst|altera_pll_i|general[2].gpll~PLL_OUTPUT_COUNTER|divclk
    Info (332111):   10.172 sdram_clk_pin
Info (176233): Starting register packing
Warning (176250): Ignoring invalid fast I/O register assignments. See the Ignored Assignments panel in the Fitter Compilation Report for more information.
Info (176235): Finished register packing
    Extra Info (176218): Packed 51 registers into blocks of type I/O output buffer
    Extra Info (176220): Created 47 register duplicates
Info (128000): Starting physical synthesis optimizations for speed
Info (128002): Starting physical synthesis algorithm register retiming
Info (128003): Physical synthesis algorithm register retiming complete: estimated slack improvement of 3038 ps
Info (128002): Starting physical synthesis algorithm combinational resynthesis using boolean division
Info (128003): Physical synthesis algorithm combinational resynthesis using boolean division complete: estimated slack improvement of 158 ps
Info (128002): Starting physical synthesis algorithm register retiming
Info (128003): Physical synthesis algorithm register retiming complete: estimated slack improvement of 646 ps
Info (128002): Starting physical synthesis algorithm combinational resynthesis using boolean division
Info (128003): Physical synthesis algorithm combinational resynthesis using boolean division complete: estimated slack improvement of 26 ps
Info (128001): Physical synthesis optimizations for speed complete: elapsed time is 00:01:44
Info (176233): Starting register packing
Info (176235): Finished register packing
    Extra Info (176219): No registers were packed into other blocks
Info (11798): Fitter preparation operations ending: elapsed time is 00:02:24
Warning (170136): Design uses Placement Effort Multiplier = 4.0.  Using a Placement Effort Multiplier > 1.0 can increase processing time, especially when used during a second or third fitting attempt.
Info (170189): Fitter placement preparation operations beginning
Info (14951): The Fitter is using Advanced Physical Optimization.
Info (170190): Fitter placement preparation operations ending: elapsed time is 00:01:52
Info (170191): Fitter placement operations beginning
Info (170137): Fitter placement was successful
Info (170192): Fitter placement operations ending: elapsed time is 00:02:21
Info (170193): Fitter routing operations beginning
Info (170195): Router estimated average interconnect usage is 22% of the available device resources
    Info (170196): Router estimated peak interconnect usage is 37% of the available device resources in the region that extends from location X11_Y23 to location X21_Y33
Info (170194): Fitter routing operations ending: elapsed time is 00:02:46
Info (11888): Total time spent on timing analysis during the Fitter is 84.12 seconds.
Info (334003): Started post-fitting delay annotation
Info (334004): Delay annotation completed successfully
Info (334003): Started post-fitting delay annotation
Info (334004): Delay annotation completed successfully
Info (11801): Fitter post-fit operations ending: elapsed time is 00:01:01
Warning (171167): Found invalid Fitter assignments. See the Ignored Assignments panel in the Fitter Compilation Report for more information.
Warning (169064): Following 101 pins have no output enable or a GND or VCC output enable - later changes to this connectivity may change fitting results
    Info (169065): Pin scal_clk has a permanently enabled output enable File: C:/FPGA/openfpga-NGPC/platform/pocket/apf_top.v Line: 109
    Info (169065): Pin scal_vid[0] has a permanently enabled output enable File: C:/FPGA/openfpga-NGPC/platform/pocket/apf_top.v Line: 108
    Info (169065): Pin scal_vid[1] has a permanently enabled output enable File: C:/FPGA/openfpga-NGPC/platform/pocket/apf_top.v Line: 108
    Info (169065): Pin scal_vid[2] has a permanently enabled output enable File: C:/FPGA/openfpga-NGPC/platform/pocket/apf_top.v Line: 108
    Info (169065): Pin scal_vid[3] has a permanently enabled output enable File: C:/FPGA/openfpga-NGPC/platform/pocket/apf_top.v Line: 108
    Info (169065): Pin scal_vid[4] has a permanently enabled output enable File: C:/FPGA/openfpga-NGPC/platform/pocket/apf_top.v Line: 108
    Info (169065): Pin scal_vid[5] has a permanently enabled output enable File: C:/FPGA/openfpga-NGPC/platform/pocket/apf_top.v Line: 108
    Info (169065): Pin scal_vid[6] has a permanently enabled output enable File: C:/FPGA/openfpga-NGPC/platform/pocket/apf_top.v Line: 108
    Info (169065): Pin scal_vid[7] has a permanently enabled output enable File: C:/FPGA/openfpga-NGPC/platform/pocket/apf_top.v Line: 108
    Info (169065): Pin scal_vid[8] has a permanently enabled output enable File: C:/FPGA/openfpga-NGPC/platform/pocket/apf_top.v Line: 108
    Info (169065): Pin scal_vid[9] has a permanently enabled output enable File: C:/FPGA/openfpga-NGPC/platform/pocket/apf_top.v Line: 108
    Info (169065): Pin scal_vid[10] has a permanently enabled output enable File: C:/FPGA/openfpga-NGPC/platform/pocket/apf_top.v Line: 108
    Info (169065): Pin scal_vid[11] has a permanently enabled output enable File: C:/FPGA/openfpga-NGPC/platform/pocket/apf_top.v Line: 108
    Info (169065): Pin scal_de has a permanently enabled output enable File: C:/FPGA/openfpga-NGPC/platform/pocket/apf_top.v Line: 110
    Info (169065): Pin scal_skip has a permanently enabled output enable File: C:/FPGA/openfpga-NGPC/platform/pocket/apf_top.v Line: 111
    Info (169065): Pin scal_vs has a permanently enabled output enable File: C:/FPGA/openfpga-NGPC/platform/pocket/apf_top.v Line: 112
    Info (169065): Pin scal_hs has a permanently enabled output enable File: C:/FPGA/openfpga-NGPC/platform/pocket/apf_top.v Line: 113
    Info (169065): Pin cart_tran_bank2[0] has a permanently disabled output enable File: C:/FPGA/openfpga-NGPC/platform/pocket/apf_top.v Line: 57
    Info (169065): Pin cart_tran_bank2[1] has a permanently disabled output enable File: C:/FPGA/openfpga-NGPC/platform/pocket/apf_top.v Line: 57
    Info (169065): Pin cart_tran_bank2[2] has a permanently disabled output enable File: C:/FPGA/openfpga-NGPC/platform/pocket/apf_top.v Line: 57
    Info (169065): Pin cart_tran_bank2[3] has a permanently disabled output enable File: C:/FPGA/openfpga-NGPC/platform/pocket/apf_top.v Line: 57
    Info (169065): Pin cart_tran_bank2[4] has a permanently disabled output enable File: C:/FPGA/openfpga-NGPC/platform/pocket/apf_top.v Line: 57
    Info (169065): Pin cart_tran_bank2[5] has a permanently disabled output enable File: C:/FPGA/openfpga-NGPC/platform/pocket/apf_top.v Line: 57
    Info (169065): Pin cart_tran_bank2[6] has a permanently disabled output enable File: C:/FPGA/openfpga-NGPC/platform/pocket/apf_top.v Line: 57
    Info (169065): Pin cart_tran_bank2[7] has a permanently disabled output enable File: C:/FPGA/openfpga-NGPC/platform/pocket/apf_top.v Line: 57
    Info (169065): Pin cart_tran_bank3[0] has a permanently disabled output enable File: C:/FPGA/openfpga-NGPC/platform/pocket/apf_top.v Line: 61
    Info (169065): Pin cart_tran_bank3[1] has a permanently disabled output enable File: C:/FPGA/openfpga-NGPC/platform/pocket/apf_top.v Line: 61
    Info (169065): Pin cart_tran_bank3[2] has a permanently disabled output enable File: C:/FPGA/openfpga-NGPC/platform/pocket/apf_top.v Line: 61
    Info (169065): Pin cart_tran_bank3[3] has a permanently disabled output enable File: C:/FPGA/openfpga-NGPC/platform/pocket/apf_top.v Line: 61
    Info (169065): Pin cart_tran_bank3[4] has a permanently disabled output enable File: C:/FPGA/openfpga-NGPC/platform/pocket/apf_top.v Line: 61
    Info (169065): Pin cart_tran_bank3[5] has a permanently disabled output enable File: C:/FPGA/openfpga-NGPC/platform/pocket/apf_top.v Line: 61
    Info (169065): Pin cart_tran_bank3[6] has a permanently disabled output enable File: C:/FPGA/openfpga-NGPC/platform/pocket/apf_top.v Line: 61
    Info (169065): Pin cart_tran_bank3[7] has a permanently disabled output enable File: C:/FPGA/openfpga-NGPC/platform/pocket/apf_top.v Line: 61
    Info (169065): Pin cart_tran_bank1[0] has a permanently disabled output enable File: C:/FPGA/openfpga-NGPC/platform/pocket/apf_top.v Line: 65
    Info (169065): Pin cart_tran_bank1[1] has a permanently disabled output enable File: C:/FPGA/openfpga-NGPC/platform/pocket/apf_top.v Line: 65
    Info (169065): Pin cart_tran_bank1[2] has a permanently disabled output enable File: C:/FPGA/openfpga-NGPC/platform/pocket/apf_top.v Line: 65
    Info (169065): Pin cart_tran_bank1[3] has a permanently disabled output enable File: C:/FPGA/openfpga-NGPC/platform/pocket/apf_top.v Line: 65
    Info (169065): Pin cart_tran_bank1[4] has a permanently disabled output enable File: C:/FPGA/openfpga-NGPC/platform/pocket/apf_top.v Line: 65
    Info (169065): Pin cart_tran_bank1[5] has a permanently disabled output enable File: C:/FPGA/openfpga-NGPC/platform/pocket/apf_top.v Line: 65
    Info (169065): Pin cart_tran_bank1[6] has a permanently disabled output enable File: C:/FPGA/openfpga-NGPC/platform/pocket/apf_top.v Line: 65
    Info (169065): Pin cart_tran_bank1[7] has a permanently disabled output enable File: C:/FPGA/openfpga-NGPC/platform/pocket/apf_top.v Line: 65
    Info (169065): Pin cart_tran_bank0[4] has a permanently enabled output enable File: C:/FPGA/openfpga-NGPC/platform/pocket/apf_top.v Line: 73
    Info (169065): Pin cart_tran_bank0[5] has a permanently enabled output enable File: C:/FPGA/openfpga-NGPC/platform/pocket/apf_top.v Line: 73
    Info (169065): Pin cart_tran_bank0[6] has a permanently enabled output enable File: C:/FPGA/openfpga-NGPC/platform/pocket/apf_top.v Line: 73
    Info (169065): Pin cart_tran_bank0[7] has a permanently enabled output enable File: C:/FPGA/openfpga-NGPC/platform/pocket/apf_top.v Line: 73
    Info (169065): Pin cart_tran_pin30 has a permanently enabled output enable File: C:/FPGA/openfpga-NGPC/platform/pocket/apf_top.v Line: 77
    Info (169065): Pin cart_tran_pin31 has a permanently disabled output enable File: C:/FPGA/openfpga-NGPC/platform/pocket/apf_top.v Line: 86
    Info (169065): Pin port_tran_si has a permanently disabled output enable File: C:/FPGA/openfpga-NGPC/platform/pocket/apf_top.v Line: 96
    Info (169065): Pin port_tran_so has a permanently disabled output enable File: C:/FPGA/openfpga-NGPC/platform/pocket/apf_top.v Line: 98
    Info (169065): Pin port_tran_sck has a permanently disabled output enable File: C:/FPGA/openfpga-NGPC/platform/pocket/apf_top.v Line: 100
    Info (169065): Pin port_tran_sd has a permanently disabled output enable File: C:/FPGA/openfpga-NGPC/platform/pocket/apf_top.v Line: 102
    Info (169065): Pin cram0_dq[0] has a permanently disabled output enable File: C:/FPGA/openfpga-NGPC/platform/pocket/apf_top.v Line: 134
    Info (169065): Pin cram0_dq[1] has a permanently disabled output enable File: C:/FPGA/openfpga-NGPC/platform/pocket/apf_top.v Line: 134
    Info (169065): Pin cram0_dq[2] has a permanently disabled output enable File: C:/FPGA/openfpga-NGPC/platform/pocket/apf_top.v Line: 134
    Info (169065): Pin cram0_dq[3] has a permanently disabled output enable File: C:/FPGA/openfpga-NGPC/platform/pocket/apf_top.v Line: 134
    Info (169065): Pin cram0_dq[4] has a permanently disabled output enable File: C:/FPGA/openfpga-NGPC/platform/pocket/apf_top.v Line: 134
    Info (169065): Pin cram0_dq[5] has a permanently disabled output enable File: C:/FPGA/openfpga-NGPC/platform/pocket/apf_top.v Line: 134
    Info (169065): Pin cram0_dq[6] has a permanently disabled output enable File: C:/FPGA/openfpga-NGPC/platform/pocket/apf_top.v Line: 134
    Info (169065): Pin cram0_dq[7] has a permanently disabled output enable File: C:/FPGA/openfpga-NGPC/platform/pocket/apf_top.v Line: 134
    Info (169065): Pin cram0_dq[8] has a permanently disabled output enable File: C:/FPGA/openfpga-NGPC/platform/pocket/apf_top.v Line: 134
    Info (169065): Pin cram0_dq[9] has a permanently disabled output enable File: C:/FPGA/openfpga-NGPC/platform/pocket/apf_top.v Line: 134
    Info (169065): Pin cram0_dq[10] has a permanently disabled output enable File: C:/FPGA/openfpga-NGPC/platform/pocket/apf_top.v Line: 134
    Info (169065): Pin cram0_dq[11] has a permanently disabled output enable File: C:/FPGA/openfpga-NGPC/platform/pocket/apf_top.v Line: 134
    Info (169065): Pin cram0_dq[12] has a permanently disabled output enable File: C:/FPGA/openfpga-NGPC/platform/pocket/apf_top.v Line: 134
    Info (169065): Pin cram0_dq[13] has a permanently disabled output enable File: C:/FPGA/openfpga-NGPC/platform/pocket/apf_top.v Line: 134
    Info (169065): Pin cram0_dq[14] has a permanently disabled output enable File: C:/FPGA/openfpga-NGPC/platform/pocket/apf_top.v Line: 134
    Info (169065): Pin cram0_dq[15] has a permanently disabled output enable File: C:/FPGA/openfpga-NGPC/platform/pocket/apf_top.v Line: 134
    Info (169065): Pin cram1_dq[0] has a permanently disabled output enable File: C:/FPGA/openfpga-NGPC/platform/pocket/apf_top.v Line: 147
    Info (169065): Pin cram1_dq[1] has a permanently disabled output enable File: C:/FPGA/openfpga-NGPC/platform/pocket/apf_top.v Line: 147
    Info (169065): Pin cram1_dq[2] has a permanently disabled output enable File: C:/FPGA/openfpga-NGPC/platform/pocket/apf_top.v Line: 147
    Info (169065): Pin cram1_dq[3] has a permanently disabled output enable File: C:/FPGA/openfpga-NGPC/platform/pocket/apf_top.v Line: 147
    Info (169065): Pin cram1_dq[4] has a permanently disabled output enable File: C:/FPGA/openfpga-NGPC/platform/pocket/apf_top.v Line: 147
    Info (169065): Pin cram1_dq[5] has a permanently disabled output enable File: C:/FPGA/openfpga-NGPC/platform/pocket/apf_top.v Line: 147
    Info (169065): Pin cram1_dq[6] has a permanently disabled output enable File: C:/FPGA/openfpga-NGPC/platform/pocket/apf_top.v Line: 147
    Info (169065): Pin cram1_dq[7] has a permanently disabled output enable File: C:/FPGA/openfpga-NGPC/platform/pocket/apf_top.v Line: 147
    Info (169065): Pin cram1_dq[8] has a permanently disabled output enable File: C:/FPGA/openfpga-NGPC/platform/pocket/apf_top.v Line: 147
    Info (169065): Pin cram1_dq[9] has a permanently disabled output enable File: C:/FPGA/openfpga-NGPC/platform/pocket/apf_top.v Line: 147
    Info (169065): Pin cram1_dq[10] has a permanently disabled output enable File: C:/FPGA/openfpga-NGPC/platform/pocket/apf_top.v Line: 147
    Info (169065): Pin cram1_dq[11] has a permanently disabled output enable File: C:/FPGA/openfpga-NGPC/platform/pocket/apf_top.v Line: 147
    Info (169065): Pin cram1_dq[12] has a permanently disabled output enable File: C:/FPGA/openfpga-NGPC/platform/pocket/apf_top.v Line: 147
    Info (169065): Pin cram1_dq[13] has a permanently disabled output enable File: C:/FPGA/openfpga-NGPC/platform/pocket/apf_top.v Line: 147
    Info (169065): Pin cram1_dq[14] has a permanently disabled output enable File: C:/FPGA/openfpga-NGPC/platform/pocket/apf_top.v Line: 147
    Info (169065): Pin cram1_dq[15] has a permanently disabled output enable File: C:/FPGA/openfpga-NGPC/platform/pocket/apf_top.v Line: 147
    Info (169065): Pin sram_dq[0] has a permanently disabled output enable File: C:/FPGA/openfpga-NGPC/platform/pocket/apf_top.v Line: 176
    Info (169065): Pin sram_dq[1] has a permanently disabled output enable File: C:/FPGA/openfpga-NGPC/platform/pocket/apf_top.v Line: 176
    Info (169065): Pin sram_dq[2] has a permanently disabled output enable File: C:/FPGA/openfpga-NGPC/platform/pocket/apf_top.v Line: 176
    Info (169065): Pin sram_dq[3] has a permanently disabled output enable File: C:/FPGA/openfpga-NGPC/platform/pocket/apf_top.v Line: 176
    Info (169065): Pin sram_dq[4] has a permanently disabled output enable File: C:/FPGA/openfpga-NGPC/platform/pocket/apf_top.v Line: 176
    Info (169065): Pin sram_dq[5] has a permanently disabled output enable File: C:/FPGA/openfpga-NGPC/platform/pocket/apf_top.v Line: 176
    Info (169065): Pin sram_dq[6] has a permanently disabled output enable File: C:/FPGA/openfpga-NGPC/platform/pocket/apf_top.v Line: 176
    Info (169065): Pin sram_dq[7] has a permanently disabled output enable File: C:/FPGA/openfpga-NGPC/platform/pocket/apf_top.v Line: 176
    Info (169065): Pin sram_dq[8] has a permanently disabled output enable File: C:/FPGA/openfpga-NGPC/platform/pocket/apf_top.v Line: 176
    Info (169065): Pin sram_dq[9] has a permanently disabled output enable File: C:/FPGA/openfpga-NGPC/platform/pocket/apf_top.v Line: 176
    Info (169065): Pin sram_dq[10] has a permanently disabled output enable File: C:/FPGA/openfpga-NGPC/platform/pocket/apf_top.v Line: 176
    Info (169065): Pin sram_dq[11] has a permanently disabled output enable File: C:/FPGA/openfpga-NGPC/platform/pocket/apf_top.v Line: 176
    Info (169065): Pin sram_dq[12] has a permanently disabled output enable File: C:/FPGA/openfpga-NGPC/platform/pocket/apf_top.v Line: 176
    Info (169065): Pin sram_dq[13] has a permanently disabled output enable File: C:/FPGA/openfpga-NGPC/platform/pocket/apf_top.v Line: 176
    Info (169065): Pin sram_dq[14] has a permanently disabled output enable File: C:/FPGA/openfpga-NGPC/platform/pocket/apf_top.v Line: 176
    Info (169065): Pin sram_dq[15] has a permanently disabled output enable File: C:/FPGA/openfpga-NGPC/platform/pocket/apf_top.v Line: 176
    Info (169065): Pin bist has a permanently disabled output enable File: C:/FPGA/openfpga-NGPC/platform/pocket/apf_top.v Line: 202
    Info (169065): Pin aux_sda has a permanently disabled output enable File: C:/FPGA/openfpga-NGPC/platform/pocket/apf_top.v Line: 208
Info (144001): Generated suppressed messages file C:/FPGA/openfpga-NGPC/projects/output_files/ngpc_pocket.fit.smsg
Info: Quartus Prime Fitter was successful. 0 errors, 11 warnings
    Info: Peak virtual memory: 7646 megabytes
    Info: Processing ended: Tue Aug 25 18:35:55 2026
    Info: Elapsed time: 00:12:58
    Info: Total CPU time (on all processors): 00:31:58
