Info: *******************************************************************
Info: Running Quartus Prime TimeQuest Timing Analyzer
    Info: Version 17.1.0 Build 590 10/25/2017 SJ Lite Edition
    Info: Copyright (C) 2017  Intel Corporation. All rights reserved.
    Info: Your use of Intel Corporation's design tools, logic functions 
    Info: and other software and tools, and its AMPP partner logic 
    Info: functions, and any output files from any of the foregoing 
    Info: (including device programming or simulation files), and any 
    Info: associated documentation or information are expressly subject 
    Info: to the terms and conditions of the Intel Program License 
    Info: Subscription Agreement, the Intel Quartus Prime License Agreement,
    Info: the Intel FPGA IP License Agreement, or other applicable license
    Info: agreement, including, without limitation, that your use is for
    Info: the sole purpose of programming logic devices manufactured by
    Info: Intel and sold by Intel or its authorized distributors.  Please
    Info: refer to the applicable agreement for further details.
    Info: Processing started: Tue Aug 25 16:30:27 2026
Info: Command: quartus_sta -t worst2.tcl
Info (20032): Parallel compilation is enabled and will use up to 6 processors
Info (21077): Low junction temperature is 0 degrees C
Info (21077): High junction temperature is 85 degrees C
Info (332164): Evaluating HDL-embedded SDC commands
    Info (332165): Entity dcfifo_06o1
        Info (332166): set_false_path -from *delayed_wrptr_g* -to *rs_dgwp|dffpipe_su8:dffpipe7|dffe8a* 
    Info (332165): Entity dcfifo_vqk1
        Info (332166): set_false_path -from *rdptr_g* -to *ws_dgrp|dffpipe_uu8:dffpipe9|dffe10a* 
        Info (332166): set_false_path -from *delayed_wrptr_g* -to *rs_dgwp|dffpipe_tu8:dffpipe6|dffe7a* 
Info (332104): Reading SDC File: '../platform/pocket/apf_constraints.sdc'
Info (332110): Deriving PLL clocks
    Info (332110): create_generated_clock -source {ic|mp1|ngpc_pll_inst|altera_pll_i|general[0].gpll~FRACTIONAL_PLL|refclkin} -divide_by 512 -multiply_by 4745 -duty_cycle 50.00 -name {ic|mp1|ngpc_pll_inst|altera_pll_i|general[0].gpll~FRACTIONAL_PLL|vcoph[0]} {ic|mp1|ngpc_pll_inst|altera_pll_i|general[0].gpll~FRACTIONAL_PLL|vcoph[0]}
    Info (332110): create_generated_clock -source {ic|mp1|ngpc_pll_inst|altera_pll_i|general[0].gpll~PLL_OUTPUT_COUNTER|vco0ph[0]} -divide_by 14 -duty_cycle 50.00 -name {ic|mp1|ngpc_pll_inst|altera_pll_i|general[0].gpll~PLL_OUTPUT_COUNTER|divclk} {ic|mp1|ngpc_pll_inst|altera_pll_i|general[0].gpll~PLL_OUTPUT_COUNTER|divclk}
    Info (332110): create_generated_clock -source {ic|mp1|ngpc_pll_inst|altera_pll_i|general[1].gpll~PLL_OUTPUT_COUNTER|vco0ph[0]} -divide_by 7 -duty_cycle 50.00 -name {ic|mp1|ngpc_pll_inst|altera_pll_i|general[1].gpll~PLL_OUTPUT_COUNTER|divclk} {ic|mp1|ngpc_pll_inst|altera_pll_i|general[1].gpll~PLL_OUTPUT_COUNTER|divclk}
    Info (332110): create_generated_clock -source {ic|mp1|ngpc_pll_inst|altera_pll_i|general[2].gpll~PLL_OUTPUT_COUNTER|vco0ph[0]} -divide_by 14 -phase 90.00 -duty_cycle 50.00 -name {ic|mp1|ngpc_pll_inst|altera_pll_i|general[2].gpll~PLL_OUTPUT_COUNTER|divclk} {ic|mp1|ngpc_pll_inst|altera_pll_i|general[2].gpll~PLL_OUTPUT_COUNTER|divclk}
Info (332104): Reading SDC File: '../target/pocket/core_constraints.sdc'
Warning (332174): Ignored filter at core_constraints.sdc(19): ic|mp1|ngpc_pll_inst|altera_pll_i|*[3].*|divclk could not be matched with a clock File: C:/FPGA/openfpga-NGPC/target/pocket/core_constraints.sdc Line: 19
Info (332151): Clock uncertainty is not calculated until you update the timing netlist.
Info (332104): Reading SDC File: '../upstream/NGPC.sdc'
Info (332151): Clock uncertainty is not calculated until you update the timing netlist.
Info (332104): Reading SDC File: '../target/pocket/ngpc_pocket_timing.sdc'
Info (332104): Reading SDC File: '../target/pocket/ngpc_pocket_sdram.sdc'
Info (332097): The following timing edges are non-unate.  TimeQuest will assume pos-unate behavior for these edges in the clock network.
    Info (332098): Cell: ic|mp1|ngpc_pll_inst|altera_pll_i|general[0].gpll~FRACTIONAL_PLL  from: refclkin  to: fbclk
    Info (332098): Cell: ic|mp1|ngpc_pll_inst|altera_pll_i|general[0].gpll~PLL_OUTPUT_COUNTER  from: vco0ph[0]  to: divclk
    Info (332098): Cell: ic|mp1|ngpc_pll_inst|altera_pll_i|general[0].gpll~PLL_REFCLK_SELECT  from: clkin[0]  to: clkout
    Info (332098): Cell: ic|mp1|ngpc_pll_inst|altera_pll_i|general[1].gpll~PLL_OUTPUT_COUNTER  from: vco0ph[0]  to: divclk
    Info (332098): Cell: ic|mp1|ngpc_pll_inst|altera_pll_i|general[2].gpll~PLL_OUTPUT_COUNTER  from: vco0ph[0]  to: divclk
Info (332123): Deriving Clock Uncertainty. Please refer to report_sdc in TimeQuest to see clock uncertainties.
Info (332115): Report Timing: Found 61 setup paths (61 violated).  Worst case slack is -0.365
    Info (332115): -setup
    Info (332115): -less_than_slack 0
    Info (332115): -npaths 2000
    Info (332115): -file {worst2.rpt}
Info (23030): Evaluation of Tcl script worst2.tcl was successful
Info: Quartus Prime TimeQuest Timing Analyzer was successful. 0 errors, 1 warning
    Info: Peak virtual memory: 5158 megabytes
    Info: Processing ended: Tue Aug 25 16:30:38 2026
    Info: Elapsed time: 00:00:11
    Info: Total CPU time (on all processors): 00:00:11
