------------------------------------------------------------
Timing Analyzer Summary
------------------------------------------------------------

Type  : Slow 1100mV 85C Model Setup 'ic|mp1|ngpc_pll_inst|altera_pll_i|general[0].gpll~PLL_OUTPUT_COUNTER|divclk'
Slack : -3.731
TNS   : -2439.196

Type  : Slow 1100mV 85C Model Setup 'sdram_clk_pin'
Slack : 0.245
TNS   : 0.000

Type  : Slow 1100mV 85C Model Setup 'ic|mp1|ngpc_pll_inst|altera_pll_i|general[1].gpll~PLL_OUTPUT_COUNTER|divclk'
Slack : 0.598
TNS   : 0.000

Type  : Slow 1100mV 85C Model Setup 'clk_74a'
Slack : 2.935
TNS   : 0.000

Type  : Slow 1100mV 85C Model Setup 'bridge_spiclk'
Slack : 9.773
TNS   : 0.000

Type  : Slow 1100mV 85C Model Hold 'ic|mp1|ngpc_pll_inst|altera_pll_i|general[0].gpll~PLL_OUTPUT_COUNTER|divclk'
Slack : 0.382
TNS   : 0.000

Type  : Slow 1100mV 85C Model Hold 'clk_74a'
Slack : 0.383
TNS   : 0.000

Type  : Slow 1100mV 85C Model Hold 'ic|mp1|ngpc_pll_inst|altera_pll_i|general[1].gpll~PLL_OUTPUT_COUNTER|divclk'
Slack : 0.471
TNS   : 0.000

Type  : Slow 1100mV 85C Model Hold 'bridge_spiclk'
Slack : 0.568
TNS   : 0.000

Type  : Slow 1100mV 85C Model Hold 'sdram_clk_pin'
Slack : 4.015
TNS   : 0.000

Type  : Slow 1100mV 85C Model Recovery 'ic|mp1|ngpc_pll_inst|altera_pll_i|general[1].gpll~PLL_OUTPUT_COUNTER|divclk'
Slack : 4.628
TNS   : 0.000

Type  : Slow 1100mV 85C Model Recovery 'ic|mp1|ngpc_pll_inst|altera_pll_i|general[0].gpll~PLL_OUTPUT_COUNTER|divclk'
Slack : 9.016
TNS   : 0.000

Type  : Slow 1100mV 85C Model Removal 'ic|mp1|ngpc_pll_inst|altera_pll_i|general[1].gpll~PLL_OUTPUT_COUNTER|divclk'
Slack : 0.885
TNS   : 0.000

Type  : Slow 1100mV 85C Model Removal 'ic|mp1|ngpc_pll_inst|altera_pll_i|general[0].gpll~PLL_OUTPUT_COUNTER|divclk'
Slack : 4.442
TNS   : 0.000

Type  : Slow 1100mV 85C Model Minimum Pulse Width 'ic|mp1|ngpc_pll_inst|altera_pll_i|general[0].gpll~FRACTIONAL_PLL|vcoph[0]'
Slack : 0.726
TNS   : 0.000

Type  : Slow 1100mV 85C Model Minimum Pulse Width 'ic|mp1|ngpc_pll_inst|altera_pll_i|general[1].gpll~PLL_OUTPUT_COUNTER|divclk'
Slack : 4.048
TNS   : 0.000

Type  : Slow 1100mV 85C Model Minimum Pulse Width 'clk_74a'
Slack : 5.338
TNS   : 0.000

Type  : Slow 1100mV 85C Model Minimum Pulse Width 'bridge_spiclk'
Slack : 5.898
TNS   : 0.000

Type  : Slow 1100mV 85C Model Minimum Pulse Width 'ic|mp1|ngpc_pll_inst|altera_pll_i|general[0].gpll~PLL_OUTPUT_COUNTER|divclk'
Slack : 8.558
TNS   : 0.000

Type  : Slow 1100mV 85C Model Minimum Pulse Width 'ic|mp1|ngpc_pll_inst|altera_pll_i|general[2].gpll~PLL_OUTPUT_COUNTER|divclk'
Slack : 9.110
TNS   : 0.000

Type  : Slow 1100mV 0C Model Setup 'ic|mp1|ngpc_pll_inst|altera_pll_i|general[0].gpll~PLL_OUTPUT_COUNTER|divclk'
Slack : -3.998
TNS   : -2524.108

Type  : Slow 1100mV 0C Model Setup 'sdram_clk_pin'
Slack : 0.324
TNS   : 0.000

Type  : Slow 1100mV 0C Model Setup 'ic|mp1|ngpc_pll_inst|altera_pll_i|general[1].gpll~PLL_OUTPUT_COUNTER|divclk'
Slack : 0.645
TNS   : 0.000

Type  : Slow 1100mV 0C Model Setup 'clk_74a'
Slack : 2.894
TNS   : 0.000

Type  : Slow 1100mV 0C Model Setup 'bridge_spiclk'
Slack : 9.922
TNS   : 0.000

Type  : Slow 1100mV 0C Model Hold 'ic|mp1|ngpc_pll_inst|altera_pll_i|general[0].gpll~PLL_OUTPUT_COUNTER|divclk'
Slack : 0.376
TNS   : 0.000

Type  : Slow 1100mV 0C Model Hold 'clk_74a'
Slack : 0.377
TNS   : 0.000

Type  : Slow 1100mV 0C Model Hold 'ic|mp1|ngpc_pll_inst|altera_pll_i|general[1].gpll~PLL_OUTPUT_COUNTER|divclk'
Slack : 0.460
TNS   : 0.000

Type  : Slow 1100mV 0C Model Hold 'bridge_spiclk'
Slack : 0.596
TNS   : 0.000

Type  : Slow 1100mV 0C Model Hold 'sdram_clk_pin'
Slack : 4.082
TNS   : 0.000

Type  : Slow 1100mV 0C Model Recovery 'ic|mp1|ngpc_pll_inst|altera_pll_i|general[1].gpll~PLL_OUTPUT_COUNTER|divclk'
Slack : 4.859
TNS   : 0.000

Type  : Slow 1100mV 0C Model Recovery 'ic|mp1|ngpc_pll_inst|altera_pll_i|general[0].gpll~PLL_OUTPUT_COUNTER|divclk'
Slack : 9.086
TNS   : 0.000

Type  : Slow 1100mV 0C Model Removal 'ic|mp1|ngpc_pll_inst|altera_pll_i|general[1].gpll~PLL_OUTPUT_COUNTER|divclk'
Slack : 0.776
TNS   : 0.000

Type  : Slow 1100mV 0C Model Removal 'ic|mp1|ngpc_pll_inst|altera_pll_i|general[0].gpll~PLL_OUTPUT_COUNTER|divclk'
Slack : 4.245
TNS   : 0.000

Type  : Slow 1100mV 0C Model Minimum Pulse Width 'ic|mp1|ngpc_pll_inst|altera_pll_i|general[0].gpll~FRACTIONAL_PLL|vcoph[0]'
Slack : 0.726
TNS   : 0.000

Type  : Slow 1100mV 0C Model Minimum Pulse Width 'ic|mp1|ngpc_pll_inst|altera_pll_i|general[1].gpll~PLL_OUTPUT_COUNTER|divclk'
Slack : 3.962
TNS   : 0.000

Type  : Slow 1100mV 0C Model Minimum Pulse Width 'clk_74a'
Slack : 5.266
TNS   : 0.000

Type  : Slow 1100mV 0C Model Minimum Pulse Width 'bridge_spiclk'
Slack : 5.865
TNS   : 0.000

Type  : Slow 1100mV 0C Model Minimum Pulse Width 'ic|mp1|ngpc_pll_inst|altera_pll_i|general[0].gpll~PLL_OUTPUT_COUNTER|divclk'
Slack : 8.500
TNS   : 0.000

Type  : Slow 1100mV 0C Model Minimum Pulse Width 'ic|mp1|ngpc_pll_inst|altera_pll_i|general[2].gpll~PLL_OUTPUT_COUNTER|divclk'
Slack : 9.044
TNS   : 0.000

Type  : Fast 1100mV 85C Model Setup 'sdram_clk_pin'
Slack : 1.958
TNS   : 0.000

Type  : Fast 1100mV 85C Model Setup 'clk_74a'
Slack : 5.614
TNS   : 0.000

Type  : Fast 1100mV 85C Model Setup 'ic|mp1|ngpc_pll_inst|altera_pll_i|general[1].gpll~PLL_OUTPUT_COUNTER|divclk'
Slack : 6.050
TNS   : 0.000

Type  : Fast 1100mV 85C Model Setup 'ic|mp1|ngpc_pll_inst|altera_pll_i|general[0].gpll~PLL_OUTPUT_COUNTER|divclk'
Slack : 7.715
TNS   : 0.000

Type  : Fast 1100mV 85C Model Setup 'bridge_spiclk'
Slack : 11.805
TNS   : 0.000

Type  : Fast 1100mV 85C Model Hold 'ic|mp1|ngpc_pll_inst|altera_pll_i|general[1].gpll~PLL_OUTPUT_COUNTER|divclk'
Slack : 0.042
TNS   : 0.000

Type  : Fast 1100mV 85C Model Hold 'ic|mp1|ngpc_pll_inst|altera_pll_i|general[0].gpll~PLL_OUTPUT_COUNTER|divclk'
Slack : 0.134
TNS   : 0.000

Type  : Fast 1100mV 85C Model Hold 'clk_74a'
Slack : 0.176
TNS   : 0.000

Type  : Fast 1100mV 85C Model Hold 'bridge_spiclk'
Slack : 0.211
TNS   : 0.000

Type  : Fast 1100mV 85C Model Hold 'sdram_clk_pin'
Slack : 4.277
TNS   : 0.000

Type  : Fast 1100mV 85C Model Recovery 'ic|mp1|ngpc_pll_inst|altera_pll_i|general[1].gpll~PLL_OUTPUT_COUNTER|divclk'
Slack : 7.353
TNS   : 0.000

Type  : Fast 1100mV 85C Model Recovery 'ic|mp1|ngpc_pll_inst|altera_pll_i|general[0].gpll~PLL_OUTPUT_COUNTER|divclk'
Slack : 14.659
TNS   : 0.000

Type  : Fast 1100mV 85C Model Removal 'ic|mp1|ngpc_pll_inst|altera_pll_i|general[1].gpll~PLL_OUTPUT_COUNTER|divclk'
Slack : 0.398
TNS   : 0.000

Type  : Fast 1100mV 85C Model Removal 'ic|mp1|ngpc_pll_inst|altera_pll_i|general[0].gpll~PLL_OUTPUT_COUNTER|divclk'
Slack : 2.060
TNS   : 0.000

Type  : Fast 1100mV 85C Model Minimum Pulse Width 'ic|mp1|ngpc_pll_inst|altera_pll_i|general[0].gpll~FRACTIONAL_PLL|vcoph[0]'
Slack : 0.726
TNS   : 0.000

Type  : Fast 1100mV 85C Model Minimum Pulse Width 'ic|mp1|ngpc_pll_inst|altera_pll_i|general[1].gpll~PLL_OUTPUT_COUNTER|divclk'
Slack : 4.618
TNS   : 0.000

Type  : Fast 1100mV 85C Model Minimum Pulse Width 'clk_74a'
Slack : 5.205
TNS   : 0.000

Type  : Fast 1100mV 85C Model Minimum Pulse Width 'bridge_spiclk'
Slack : 6.348
TNS   : 0.000

Type  : Fast 1100mV 85C Model Minimum Pulse Width 'ic|mp1|ngpc_pll_inst|altera_pll_i|general[0].gpll~PLL_OUTPUT_COUNTER|divclk'
Slack : 9.060
TNS   : 0.000

Type  : Fast 1100mV 85C Model Minimum Pulse Width 'ic|mp1|ngpc_pll_inst|altera_pll_i|general[2].gpll~PLL_OUTPUT_COUNTER|divclk'
Slack : 9.684
TNS   : 0.000

Type  : Fast 1100mV 0C Model Setup 'sdram_clk_pin'
Slack : 2.033
TNS   : 0.000

Type  : Fast 1100mV 0C Model Setup 'clk_74a'
Slack : 5.825
TNS   : 0.000

Type  : Fast 1100mV 0C Model Setup 'ic|mp1|ngpc_pll_inst|altera_pll_i|general[1].gpll~PLL_OUTPUT_COUNTER|divclk'
Slack : 6.366
TNS   : 0.000

Type  : Fast 1100mV 0C Model Setup 'ic|mp1|ngpc_pll_inst|altera_pll_i|general[0].gpll~PLL_OUTPUT_COUNTER|divclk'
Slack : 7.963
TNS   : 0.000

Type  : Fast 1100mV 0C Model Setup 'bridge_spiclk'
Slack : 11.983
TNS   : 0.000

Type  : Fast 1100mV 0C Model Hold 'ic|mp1|ngpc_pll_inst|altera_pll_i|general[1].gpll~PLL_OUTPUT_COUNTER|divclk'
Slack : 0.011
TNS   : 0.000

Type  : Fast 1100mV 0C Model Hold 'ic|mp1|ngpc_pll_inst|altera_pll_i|general[0].gpll~PLL_OUTPUT_COUNTER|divclk'
Slack : 0.059
TNS   : 0.000

Type  : Fast 1100mV 0C Model Hold 'clk_74a'
Slack : 0.119
TNS   : 0.000

Type  : Fast 1100mV 0C Model Hold 'bridge_spiclk'
Slack : 0.202
TNS   : 0.000

Type  : Fast 1100mV 0C Model Hold 'sdram_clk_pin'
Slack : 4.285
TNS   : 0.000

Type  : Fast 1100mV 0C Model Recovery 'ic|mp1|ngpc_pll_inst|altera_pll_i|general[1].gpll~PLL_OUTPUT_COUNTER|divclk'
Slack : 7.640
TNS   : 0.000

Type  : Fast 1100mV 0C Model Recovery 'ic|mp1|ngpc_pll_inst|altera_pll_i|general[0].gpll~PLL_OUTPUT_COUNTER|divclk'
Slack : 15.319
TNS   : 0.000

Type  : Fast 1100mV 0C Model Removal 'ic|mp1|ngpc_pll_inst|altera_pll_i|general[1].gpll~PLL_OUTPUT_COUNTER|divclk'
Slack : 0.338
TNS   : 0.000

Type  : Fast 1100mV 0C Model Removal 'ic|mp1|ngpc_pll_inst|altera_pll_i|general[0].gpll~PLL_OUTPUT_COUNTER|divclk'
Slack : 1.791
TNS   : 0.000

Type  : Fast 1100mV 0C Model Minimum Pulse Width 'ic|mp1|ngpc_pll_inst|altera_pll_i|general[0].gpll~FRACTIONAL_PLL|vcoph[0]'
Slack : 0.726
TNS   : 0.000

Type  : Fast 1100mV 0C Model Minimum Pulse Width 'ic|mp1|ngpc_pll_inst|altera_pll_i|general[1].gpll~PLL_OUTPUT_COUNTER|divclk'
Slack : 4.613
TNS   : 0.000

Type  : Fast 1100mV 0C Model Minimum Pulse Width 'clk_74a'
Slack : 5.160
TNS   : 0.000

Type  : Fast 1100mV 0C Model Minimum Pulse Width 'bridge_spiclk'
Slack : 6.361
TNS   : 0.000

Type  : Fast 1100mV 0C Model Minimum Pulse Width 'ic|mp1|ngpc_pll_inst|altera_pll_i|general[0].gpll~PLL_OUTPUT_COUNTER|divclk'
Slack : 9.063
TNS   : 0.000

Type  : Fast 1100mV 0C Model Minimum Pulse Width 'ic|mp1|ngpc_pll_inst|altera_pll_i|general[2].gpll~PLL_OUTPUT_COUNTER|divclk'
Slack : 9.688
TNS   : 0.000

------------------------------------------------------------
