Flow report for ngpc_pocket
Sat Aug 29 17:31:33 2026
Quartus Prime Version 25.1std.0 Build 1129 10/21/2025 SC Lite Edition


---------------------
; Table of Contents ;
---------------------
  1. Legal Notice
  2. Flow Summary
  3. Flow Settings
  4. Flow Non-Default Global Settings
  5. Flow Elapsed Time
  6. Flow OS Summary
  7. Flow Log
  8. Flow Messages
  9. Flow Suppressed Messages



----------------
; Legal Notice ;
----------------
Copyright (C) 2025  Altera Corporation. All rights reserved.
Your use of Altera Corporation's design tools, logic functions 
and other software and tools, and any partner logic 
functions, and any output files from any of the foregoing 
(including device programming or simulation files), and any 
associated documentation or information are expressly subject 
to the terms and conditions of the Altera Program License 
Subscription Agreement, the Altera Quartus Prime License Agreement,
the Altera IP License Agreement, or other applicable license
agreement, including, without limitation, that your use is for
the sole purpose of programming logic devices manufactured by
Altera and sold by Altera or its authorized distributors.  Please
refer to the Altera Software License Subscription Agreements 
on the Quartus Prime software download page.



+-----------------------------------------------------------------------------------+
; Flow Summary                                                                      ;
+---------------------------------+-------------------------------------------------+
; Flow Status                     ; Successful - Sat Aug 29 17:29:43 2026           ;
; Quartus Prime Version           ; 25.1std.0 Build 1129 10/21/2025 SC Lite Edition ;
; Revision Name                   ; ngpc_pocket                                     ;
; Top-level Entity Name           ; apf_top                                         ;
; Family                          ; Cyclone V                                       ;
; Device                          ; 5CEBA4F23C8                                     ;
; Timing Models                   ; Final                                           ;
; Logic utilization (in ALMs)     ; 18,104 / 18,480 ( 98 % )                        ;
; Total registers                 ; 11210                                           ;
; Total pins                      ; 224 / 224 ( 100 % )                             ;
; Total virtual pins              ; 0                                               ;
; Total block memory bits         ; 2,419,900 / 3,153,920 ( 77 % )                  ;
; Total DSP Blocks                ; 0 / 66 ( 0 % )                                  ;
; Total HSSI RX PCSs              ; 0                                               ;
; Total HSSI PMA RX Deserializers ; 0                                               ;
; Total HSSI TX PCSs              ; 0                                               ;
; Total HSSI PMA TX Serializers   ; 0                                               ;
; Total PLLs                      ; 1 / 4 ( 25 % )                                  ;
; Total DLLs                      ; 0 / 4 ( 0 % )                                   ;
+---------------------------------+-------------------------------------------------+


+-----------------------------------------+
; Flow Settings                           ;
+-------------------+---------------------+
; Option            ; Setting             ;
+-------------------+---------------------+
; Start date & time ; 08/29/2026 17:04:21 ;
; Main task         ; Compilation         ;
; Revision Name     ; ngpc_pocket         ;
+-------------------+---------------------+


+--------------------------------------------------------------------------------------------------------------------------------------------------+
; Flow Non-Default Global Settings                                                                                                                 ;
+------------------------------------------------------+------------------------------------------------+---------------+-------------+------------+
; Assignment Name                                      ; Value                                          ; Default Value ; Entity Name ; Section Id ;
+------------------------------------------------------+------------------------------------------------+---------------+-------------+------------+
; ADV_NETLIST_OPT_SYNTH_WYSIWYG_REMAP                  ; On                                             ; Off           ; --          ; --         ;
; ALM_REGISTER_PACKING_EFFORT                          ; High                                           ; Medium        ; --          ; --         ;
; COMPILER_SIGNATURE_ID                                ; 176948899889491.178801226119684                ; --            ; --          ; --         ;
; ECO_OPTIMIZE_TIMING                                  ; On                                             ; Off           ; --          ; --         ;
; ENABLE_SIGNALTAP                                     ; On                                             ; --            ; --          ; --         ;
; FITTER_AGGRESSIVE_ROUTABILITY_OPTIMIZATION           ; Always                                         ; Automatically ; --          ; --         ;
; FITTER_EFFORT                                        ; Standard Fit                                   ; Auto Fit      ; --          ; --         ;
; MAX_CORE_JUNCTION_TEMP                               ; 85                                             ; --            ; --          ; --         ;
; MIN_CORE_JUNCTION_TEMP                               ; 0                                              ; --            ; --          ; --         ;
; MISC_FILE                                            ; ../platform/pocket/mf_ddio_bidir_12.ppf        ; --            ; --          ; --         ;
; MUX_RESTRUCTURE                                      ; Off                                            ; Auto          ; --          ; --         ;
; NUM_PARALLEL_PROCESSORS                              ; 6                                              ; --            ; --          ; --         ;
; OPTIMIZATION_MODE                                    ; High Performance Effort                        ; Balanced      ; --          ; --         ;
; OUTPUT_IO_TIMING_FAR_END_VMEAS                       ; Half Signal Swing                              ; --            ; --          ; --         ;
; OUTPUT_IO_TIMING_FAR_END_VMEAS                       ; Half Signal Swing                              ; --            ; --          ; --         ;
; OUTPUT_IO_TIMING_NEAR_END_VMEAS                      ; Half Vccio                                     ; --            ; --          ; --         ;
; OUTPUT_IO_TIMING_NEAR_END_VMEAS                      ; Half Vccio                                     ; --            ; --          ; --         ;
; PERIPHERY_TO_CORE_PLACEMENT_AND_ROUTING_OPTIMIZATION ; On                                             ; Off           ; --          ; --         ;
; PHYSICAL_SYNTHESIS_ASYNCHRONOUS_SIGNAL_PIPELINING    ; On                                             ; Off           ; --          ; --         ;
; PHYSICAL_SYNTHESIS_COMBO_LOGIC                       ; On                                             ; Off           ; --          ; --         ;
; PLACEMENT_EFFORT_MULTIPLIER                          ; 4.0                                            ; 1.0           ; --          ; --         ;
; POST_FLOW_SCRIPT_FILE                                ; quartus_sh:../platform/pocket/build_cdf.tcl    ; --            ; --          ; --         ;
; POWER_BOARD_THERMAL_MODEL                            ; None (CONSERVATIVE)                            ; --            ; --          ; --         ;
; POWER_PRESET_COOLING_SOLUTION                        ; 23 MM HEAT SINK WITH 200 LFPM AIRFLOW          ; --            ; --          ; --         ;
; PRE_FLOW_SCRIPT_FILE                                 ; quartus_sh:../platform/pocket/build_id_gen.tcl ; --            ; --          ; --         ;
; PRE_MAPPING_RESYNTHESIS                              ; On                                             ; Off           ; --          ; --         ;
; PROJECT_OUTPUT_DIRECTORY                             ; output_files                                   ; --            ; --          ; --         ;
; ROUTER_CLOCKING_TOPOLOGY_ANALYSIS                    ; On                                             ; Off           ; --          ; --         ;
; ROUTER_LCELL_INSERTION_AND_LOGIC_DUPLICATION         ; Off                                            ; Auto          ; --          ; --         ;
; ROUTER_TIMING_OPTIMIZATION_LEVEL                     ; MAXIMUM                                        ; Normal        ; --          ; --         ;
; SAFE_STATE_MACHINE                                   ; On                                             ; Off           ; --          ; --         ;
; SAVE_DISK_SPACE                                      ; Off                                            ; On            ; --          ; --         ;
; SEED                                                 ; 7                                              ; 1             ; --          ; --         ;
; SYNTH_PROTECT_SDC_CONSTRAINT                         ; On                                             ; Off           ; --          ; --         ;
; TOP_LEVEL_ENTITY                                     ; apf_top                                        ; ngpc_pocket   ; --          ; --         ;
; VERILOG_MACRO                                        ; NGPC_POCKET=1                                  ; --            ; --          ; --         ;
; VERILOG_MACRO                                        ; NGPC_NO_LINK=1                                 ; --            ; --          ; --         ;
; VERILOG_MACRO                                        ; NGPC_NO_CHEATS=1                               ; --            ; --          ; --         ;
; VERILOG_MACRO                                        ; SYNTHESIS=1                                    ; --            ; --          ; --         ;
; VERILOG_MACRO                                        ; TV80_REFRESH=1                                 ; --            ; --          ; --         ;
; VERILOG_MACRO                                        ; NGPC_DOT_BURST=1                               ; --            ; --          ; --         ;
; VERILOG_MACRO                                        ; NGPC_BURST_START=60                            ; --            ; --          ; --         ;
+------------------------------------------------------+------------------------------------------------+---------------+-------------+------------+


+--------------------------------------------------------------------------------------------------------------------------+
; Flow Elapsed Time                                                                                                        ;
+----------------------+--------------+-------------------------+---------------------+------------------------------------+
; Module Name          ; Elapsed Time ; Average Processors Used ; Peak Virtual Memory ; Total CPU Time (on all processors) ;
+----------------------+--------------+-------------------------+---------------------+------------------------------------+
; Analysis & Synthesis ; 00:04:50     ; 1.7                     ; 5445 MB             ; 00:13:49                           ;
; Fitter               ; 00:20:27     ; 1.4                     ; 7733 MB             ; 01:17:47                           ;
; Timing Analyzer      ; 00:01:37     ; 3.8                     ; 6398 MB             ; 00:02:45                           ;
; Total                ; 00:26:54     ; --                      ; --                  ; 01:34:21                           ;
+----------------------+--------------+-------------------------+---------------------+------------------------------------+


+------------------------------------------------------------------------------------+
; Flow OS Summary                                                                    ;
+----------------------+------------------+------------+------------+----------------+
; Module Name          ; Machine Hostname ; OS Name    ; OS Version ; Processor type ;
+----------------------+------------------+------------+------------+----------------+
; Analysis & Synthesis ; DESKTOP-E6H81DU  ; Windows 10 ; 10.0       ; x86_64         ;
; Fitter               ; DESKTOP-E6H81DU  ; Windows 10 ; 10.0       ; x86_64         ;
; Timing Analyzer      ; DESKTOP-E6H81DU  ; Windows 10 ; 10.0       ; x86_64         ;
+----------------------+------------------+------------+------------+----------------+


------------
; Flow Log ;
------------
quartus_map ngpc_pocket
quartus_fit --seed=3 ngpc_pocket
quartus_sta ngpc_pocket



